error: function must have return type
 --> tests/cases/simple_cases.rs:5:1
  |
5 | #[savvy]
  | ^^^^^^^^
  |
  = note: this error originates in the attribute macro `savvy` (in Nightly builds, run with -Z macro-backtrace for more info)

error: the return type must be either syn::Result<Sexp> or syn::Result<()>
 --> tests/cases/simple_cases.rs:9:30
  |
9 | fn wrong_return_type(x: i32) -> i32 {}
  |                              ^^^^^^

error: `Owned-` types are not allowed here. Did you mean `IntegerSexp`?
  --> tests/cases/simple_cases.rs:12:28
   |
12 | fn wrong_type_owned_int(x: OwnedIntegerSexp) -> savvy::Result<()> {
   |                            ^^^^^^^^^^^^^^^^

error: `Owned-` types are not allowed here. Did you mean `RealSexp`?
  --> tests/cases/simple_cases.rs:17:29
   |
17 | fn wrong_type_owned_real(x: OwnedRealSexp) -> savvy::Result<()> {
   |                             ^^^^^^^^^^^^^

error: `Owned-` types are not allowed here. Did you mean `LogicalSexp`?
  --> tests/cases/simple_cases.rs:22:32
   |
22 | fn wrong_type_owned_logical(x: OwnedLogicalSexp) -> savvy::Result<()> {
   |                                ^^^^^^^^^^^^^^^^

error: `Owned-` types are not allowed here. Did you mean `StringSexp`?
  --> tests/cases/simple_cases.rs:27:31
   |
27 | fn wrong_type_owned_string(x: OwnedStringSexp) -> savvy::Result<()> {
   |                               ^^^^^^^^^^^^^^^

error: For safety, a function that takes `self` and returns `Self` is not allowed
  --> tests/cases/simple_cases.rs:35:5
   |
35 | /     fn foo_self(&self) -> Self {
36 | |         Self {}
37 | |     }
   | |_____^

error: A user-defined struct must be in the form of either `&Foo2` or `&mut Foo2`
  --> tests/cases/simple_cases.rs:46:37
   |
46 | fn wrong_type_custom_type_no_ref(x: Foo2) -> savvy::Result<()> {
   |                                     ^^^^
