---
source: savvy-macro/src/lib.rs
expression: lines
---
- "#[allow(clippy::missing_safety_doc)]"
- "#[no_mangle]"
- "pub unsafe extern \"C\" fn savvy_foo__ffi("
- "    x: savvy::ffi::SEXP,"
- "    y: savvy::ffi::SEXP,"
- ") -> savvy::ffi::SEXP {"
- "    match savvy_foo_inner(x, y) {"
- "        Ok(result) => result.0,"
- "        Err(e) => savvy::handle_error(e),"
- "    }"
- "}"
